error: --reporter=junit requires --reporter-outfile [file] to specify where to save the XML report
